// Jest Snapshot v1, https://goo.gl/fbAQLP

exports[`#NewsView.js render news page 1`] = `<div />`;
