// Jest Snapshot v1, https://goo.gl/fbAQLP

exports[`#ProfileView.js render profile page 1`] = `<div />`;
